// Jest Snapshot v1, https://goo.gl/fbAQLP

exports[`Pruebas en <SearchPage /> Debe mostrarse correctamente con los valores por defecto 1`] = `
<div>
  <h1>
    SearchPage
  </h1>
  <hr />
  <div
    class="row"
  >
    <div
      class="col-5"
    >
      <h4>
        Searching...
      </h4>
      <hr />
      <form
        aria-label="form"
      >
        <input
          autocomplete="off"
          class="form-control form-control-lg"
          name="searchText"
          placeholder="Search a hero..."
          type="text"
          value=""
        />
        <button
          class="btn btn-outline-primary mt-3 btn-lg"
        >
          Search
        </button>
      </form>
    </div>
    <div
      class="col-7"
    >
      <h4>
        Results
      </h4>
      <hr />
      <div
        class="alert alert-primary animate__animated animate__fadeIn"
      >
        Search a hero
      </div>
      <div
        aria-label="no-results"
        class="alert alert-danger animate__animated animate__fadeIn"
        style="display: none;"
      >
        No results were found for 
        <b />
        .
      </div>
    </div>
  </div>
</div>
`;
